// Jest Snapshot v1, https://goo.gl/fbAQLP

exports[`Slide .styleIDs returns the ids for the slide 1`] = `
Array [
  "dp1",
]
`;

exports[`Slide .styles includes the styles for the given slide 1`] = `
Array [
  Object {
    "style:drawing-page-properties": Object {
      "presentation:background-objects-visible": "true",
      "presentation:background-visible": "true",
      "presentation:display-date-time": "true",
      "presentation:display-footer": "true",
      "presentation:display-page-number": "false",
    },
    "style:family": "drawing-page",
    "style:name": "dp1",
  },
]
`;
